14:19:13 **** Build of configuration Debug for project stm32f401xx_drivers ****
make -j4 all 
Building file: ../startup/startup_stm32.s
Building file: ../startup/sysmem.c
Building file: ../src/006spi_tx_rx.c
Building file: ../drivers/src/stm32f401xx_gpio_driver.c
Invoking: MCU GCC Assembler
Invoking: MCU GCC Compiler
Invoking: MCU GCC Compiler
Invoking: MCU GCC Compiler
D:\Users\aruna\Embedded_Projects\workspace\Firmware_From_Scratch\stm32f401xx_drivers\Debug
D:\Users\aruna\Embedded_Projects\workspace\Firmware_From_Scratch\stm32f401xx_drivers\Debug
arm-none-eabi-as -mcpu=cortex-m4 -mthumb -mfloat-abi=hard -mfpu=fpv4-sp-d16 -g -o "startup/startup_stm32.o" "../startup/startup_stm32.s"
D:\Users\aruna\Embedded_Projects\workspace\Firmware_From_Scratch\stm32f401xx_drivers\Debug
arm-none-eabi-gcc -mcpu=cortex-m4 -mthumb -mfloat-abi=hard -mfpu=fpv4-sp-d16 -DSTM32 -DSTM32F4 -DSTM32F401RETx -DNUCLEO_F401RE -DDEBUG -I"D:/Users/aruna/Embedded_Projects/workspace/Firmware_From_Scratch/stm32f401xx_drivers/drivers/inc" -O0 -g3 -Wall -fmessage-length=0 -ffunction-sections -c -MMD -MP -MF"startup/sysmem.d" -MT"startup/sysmem.o" -o "startup/sysmem.o" "../startup/sysmem.c"
D:\Users\aruna\Embedded_Projects\workspace\Firmware_From_Scratch\stm32f401xx_drivers\Debug
arm-none-eabi-gcc -mcpu=cortex-m4 -mthumb -mfloat-abi=hard -mfpu=fpv4-sp-d16 -DSTM32 -DSTM32F4 -DSTM32F401RETx -DNUCLEO_F401RE -DDEBUG -I"D:/Users/aruna/Embedded_Projects/workspace/Firmware_From_Scratch/stm32f401xx_drivers/drivers/inc" -O0 -g3 -Wall -fmessage-length=0 -ffunction-sections -c -MMD -MP -MF"src/006spi_tx_rx.d" -MT"src/006spi_tx_rx.o" -o "src/006spi_tx_rx.o" "../src/006spi_tx_rx.c"
arm-none-eabi-gcc -mcpu=cortex-m4 -mthumb -mfloat-abi=hard -mfpu=fpv4-sp-d16 -DSTM32 -DSTM32F4 -DSTM32F401RETx -DNUCLEO_F401RE -DDEBUG -I"D:/Users/aruna/Embedded_Projects/workspace/Firmware_From_Scratch/stm32f401xx_drivers/drivers/inc" -O0 -g3 -Wall -fmessage-length=0 -ffunction-sections -c -MMD -MP -MF"drivers/src/stm32f401xx_gpio_driver.d" -MT"drivers/src/stm32f401xx_gpio_driver.o" -o "drivers/src/stm32f401xx_gpio_driver.o" "../drivers/src/stm32f401xx_gpio_driver.c"
Finished building: ../startup/startup_stm32.s
 
Building file: ../drivers/src/stm32f401xx_spi_driver.c
Invoking: MCU GCC Compiler
D:\Users\aruna\Embedded_Projects\workspace\Firmware_From_Scratch\stm32f401xx_drivers\Debug
arm-none-eabi-gcc -mcpu=cortex-m4 -mthumb -mfloat-abi=hard -mfpu=fpv4-sp-d16 -DSTM32 -DSTM32F4 -DSTM32F401RETx -DNUCLEO_F401RE -DDEBUG -I"D:/Users/aruna/Embedded_Projects/workspace/Firmware_From_Scratch/stm32f401xx_drivers/drivers/inc" -O0 -g3 -Wall -fmessage-length=0 -ffunction-sections -c -MMD -MP -MF"drivers/src/stm32f401xx_spi_driver.d" -MT"drivers/src/stm32f401xx_spi_driver.o" -o "drivers/src/stm32f401xx_spi_driver.o" "../drivers/src/stm32f401xx_spi_driver.c"
Finished building: ../startup/sysmem.c
Finished building: ../drivers/src/stm32f401xx_gpio_driver.c
Finished building: ../src/006spi_tx_rx.c
 
 
 
Finished building: ../drivers/src/stm32f401xx_spi_driver.c
 
Building target: stm32f401xx_drivers.elf
Invoking: MCU GCC Linker
arm-none-eabi-gcc -mcpu=cortex-m4 -mthumb -mfloat-abi=hard -mfpu=fpv4-sp-d16 -T"D:/Users/aruna/Embedded_Projects/workspace/Firmware_From_Scratch/stm32f401xx_drivers/LinkerScript.ld" -Wl,-Map=output.map -Wl,--gc-sections -o "stm32f401xx_drivers.elf" @"objects.list"   -lm
Finished building target: stm32f401xx_drivers.elf
 
make --no-print-directory post-build
Generating binary and Printing size information:
arm-none-eabi-objcopy -O binary "stm32f401xx_drivers.elf" "stm32f401xx_drivers.bin"
arm-none-eabi-size "stm32f401xx_drivers.elf"
   text	   data	    bss	    dec	    hex	filename
   3576	   1080	   1092	   5748	   1674	stm32f401xx_drivers.elf
 
14:19:25 **** Programming project stm32f401xx_drivers on chip ****
"D:\\Ac6\\SystemWorkbench\\plugins\\fr.ac6.mcu.externaltools.openocd.win32_1.21.0.201811131241\\tools\\openocd\\bin\\openocd.exe" -f stm32.flash.3997020250799179646.cfg -s "D:\\Users\\aruna\\Embedded_Projects\\workspace\\Firmware_From_Scratch\\stm32f401xx_drivers" -s "D:\\Ac6\\SystemWorkbench\\plugins\\fr.ac6.mcu.debug_2.3.1.201811131241\\resources\\openocd\\st_scripts" -c "program Debug/stm32f401xx_drivers.elf verify reset exit" 
Open On-Chip Debugger 0.10.0-dev-00015-gaaf1808 (2018-11-13-13:07)
Licensed under GNU GPL v2
For bug reports, read
	http://openocd.org/doc/doxygen/bugs.html
srst_only separate srst_nogate srst_open_drain connect_assert_srst
Info : The selected transport took over low-level target control. The results might differ compared to plain JTAG/SWD
adapter_nsrst_delay: 100
adapter speed: 1800 kHz
Info : clock speed 1800 kHz
Info : STLINK v2.1 JTAG v33 API v2 M25 VID 0x0483 PID 0x374B
Info : using stlink api v2
Info : Target voltage: 3.249836
Info : Stlink adapter speed set to 1800 kHz
Info : STM32F401RETx.cpu: hardware has 6 breakpoints, 4 watchpoints
Info : Stlink adapter speed set to 1800 kHz
adapter speed: 1800 kHz
target halted due to debug-request, current mode: Thread 
xPSR: 0x01000000 pc: 0x08000c24 msp: 0x20018000
configuring PLL
Info : Stlink adapter speed set to 4000 kHz
adapter speed: 4000 kHz
** Programming Started **
auto erase enabled
Info : device id = 0x10016433
Info : flash size = 512kbytes
target halted due to breakpoint, current mode: Thread 
xPSR: 0x61000000 pc: 0x20000046 msp: 0x20018000
wrote 16384 bytes from file Debug/stm32f401xx_drivers.elf in 0.547760s (29.210 KiB/s)
** Programming Finished **
** Verify Started **
target halted due to breakpoint, current mode: Thread 
xPSR: 0x61000000 pc: 0x2000002e msp: 0x20018000
target halted due to breakpoint, current mode: Thread 
xPSR: 0x61000000 pc: 0x2000002e msp: 0x20018000
verified 4656 bytes in 0.109182s (41.645 KiB/s)
** Verified OK **
** Resetting Target **
Info : Stlink adapter speed set to 1800 kHz
adapter speed: 1800 kHz
shutdown command invoked
